******************************************************************************
                  TI ARM Linker PC v20.2.2                     
******************************************************************************
>> Linked Thu Apr 22 17:36:43 2021

OUTPUT FILE NAME:   <7segmentos.out>
ENTRY POINT SYMBOL: "_c_int00_noargs"  address: 00000a51


MEMORY CONFIGURATION

         name            origin    length      used     unused   attr    fill
----------------------  --------  ---------  --------  --------  ----  --------
  FLASH                 00000000   00040000  00000b78  0003f488  R  X
  SRAM                  20000000   00008000  00000248  00007db8  RW X


SEGMENT ALLOCATION MAP

run origin  load origin   length   init length attrs members
----------  ----------- ---------- ----------- ----- -------
00000000    00000000    00000b78   00000b78    r-x
  00000000    00000000    0000026c   0000026c    r-- .intvecs
  0000026c    0000026c    000008bc   000008bc    r-x .text
  00000b28    00000b28    00000050   00000050    r-- .cinit
20000000    20000000    00000248   00000000    rw-
  20000000    20000000    00000200   00000000    rw- .stack
  20000200    20000200    00000030   00000000    rw- .data
  20000230    20000230    00000018   00000000    rw- .bss


SECTION ALLOCATION MAP

 output                                  attributes/
section   page    origin      length       input sections
--------  ----  ----------  ----------   ----------------
.intvecs   0    00000000    0000026c     
                  00000000    0000026c     tm4c123gh6pm_startup_ccs.obj (.intvecs)

.text      0    0000026c    000008bc     
                  0000026c    00000440     main.obj (.text)
                  000006ac    00000132     driverlib.lib : gpio.obj (.text:GPIOPadConfigSet)
                  000007de    00000002     --HOLE-- [fill = 0]
                  000007e0    000000f4                   : sysctl.obj (.text:SysCtlClockSet)
                  000008d4    0000009c     rtsv7M4_T_le_v4SPD16_eabi.lib : memcpy_t2.asm.obj (.text)
                  00000970    00000068                                   : copy_decompress_lzss.c.obj (.text:decompress:lzss:__TI_decompress_lzss)
                  000009d8    00000044                                   : autoinit.c.obj (.text:__TI_auto_init_nobinit_nopinit:__TI_auto_init_nobinit_nopinit)
                  00000a1c    00000034     driverlib.lib : sysctl.obj (.text:SysCtlPeripheralEnable)
                  00000a50    00000034     rtsv7M4_T_le_v4SPD16_eabi.lib : boot_cortex_m.c.obj (.text:_c_int00_noargs:_c_int00_noargs)
                  00000a84    0000002a     driverlib.lib : gpio.obj (.text:GPIODirModeSet)
                  00000aae    0000001c     rtsv7M4_T_le_v4SPD16_eabi.lib : copy_zero_init.c.obj (.text:decompress:ZI:__TI_zero_init_nomemset:__TI_zero_init_nomemset)
                  00000aca    00000018     driverlib.lib : gpio.obj (.text:GPIOPinTypeGPIOOutput)
                  00000ae2    00000012                   : gpio.obj (.text:GPIOPinTypeGPIOInput)
                  00000af4    0000000e     rtsv7M4_T_le_v4SPD16_eabi.lib : copy_decompress_none.c.obj (.text:decompress:none:__TI_decompress_none)
                  00000b02    0000000c     tm4c123gh6pm_startup_ccs.obj (.text)
                  00000b0e    00000006     driverlib.lib : gpio.obj (.text:GPIOPinRead)
                  00000b14    00000006                   : gpio.obj (.text:GPIOPinWrite)
                  00000b1a    00000006                   : sysctl.obj (.text:SysCtlDelay)
                  00000b20    00000004     rtsv7M4_T_le_v4SPD16_eabi.lib : pre_init.c.obj (.text:_system_pre_init)
                  00000b24    00000004                                   : exit.c.obj (.text:abort:abort)

.cinit     0    00000b28    00000050     
                  00000b28    00000027     (.cinit..data.load) [load image, compression = lzss]
                  00000b4f    00000001     --HOLE-- [fill = 0]
                  00000b50    0000000c     (__TI_handler_table)
                  00000b5c    00000004     --HOLE-- [fill = 0]
                  00000b60    00000008     (.cinit..bss.load) [load image, compression = zero_init]
                  00000b68    00000010     (__TI_cinit_table)

.init_array 
*          0    00000000    00000000     UNINITIALIZED

.data      0    20000200    00000030     UNINITIALIZED
                  20000200    00000028     main.obj (.data:numbers)
                  20000228    00000008     main.obj (.data)

.bss       0    20000230    00000018     UNINITIALIZED
                  20000230    00000004     (.common:CONT)
                  20000234    00000004     (.common:moduloLDR)
                  20000238    00000004     (.common:pos1)
                  2000023c    00000004     (.common:pos2)
                  20000240    00000004     (.common:pos3)
                  20000244    00000004     (.common:pos4)

.stack     0    20000000    00000200     UNINITIALIZED
                  20000000    00000004     rtsv7M4_T_le_v4SPD16_eabi.lib : boot_cortex_m.c.obj (.stack)
                  20000004    000001fc     --HOLE--

__llvm_prf_cnts 
*          0    20000000    00000000     UNINITIALIZED

MODULE SUMMARY

       Module                         code   ro data   rw data
       ------                         ----   -------   -------
    .\
       main.obj                       1088   0         72     
       tm4c123gh6pm_startup_ccs.obj   12     620       0      
    +--+------------------------------+------+---------+---------+
       Total:                         1100   620       72     
                                                              
    ../driverlib.lib
       gpio.obj                       402    0         0      
       sysctl.obj                     302    0         0      
    +--+------------------------------+------+---------+---------+
       Total:                         704    0         0      
                                                              
    S:\ti\ccs1020\ccs\tools\compiler\ti-cgt-arm_20.2.2.LTS\lib\rtsv7M4_T_le_v4SPD16_eabi.lib
       memcpy_t2.asm.obj              156    0         0      
       copy_decompress_lzss.c.obj     104    0         0      
       autoinit.c.obj                 68     0         0      
       boot_cortex_m.c.obj            52     0         0      
       copy_zero_init.c.obj           28     0         0      
       copy_decompress_none.c.obj     14     0         0      
       exit.c.obj                     4      0         0      
       pre_init.c.obj                 4      0         0      
    +--+------------------------------+------+---------+---------+
       Total:                         430    0         0      
                                                              
       Stack:                         0      0         512    
       Linker Generated:              0      75        0      
    +--+------------------------------+------+---------+---------+
       Grand Total:                   2234   695       584    


LINKER GENERATED COPY TABLES

__TI_cinit_table @ 00000b68 records: 2, size/record: 8, table size: 16
	.data: load addr=00000b28, load size=00000027 bytes, run addr=20000200, run size=00000030 bytes, compression=lzss
	.bss: load addr=00000b60, load size=00000008 bytes, run addr=20000230, run size=00000018 bytes, compression=zero_init


LINKER GENERATED HANDLER TABLE

__TI_handler_table @ 00000b50 records: 3, size/record: 4, table size: 12
	index: 0, handler: __TI_decompress_lzss
	index: 1, handler: __TI_decompress_none
	index: 2, handler: __TI_zero_init


GLOBAL SYMBOLS: SORTED ALPHABETICALLY BY Name 

address   name                          
-------   ----                          
00000b25  C$$EXIT                       
20000230  CONT                          
000002b5  Delay2                        
000002d3  Display                       
0000026d  GPIO                          
00000a85  GPIODirModeSet                
000006ad  GPIOPadConfigSet              
00000b0f  GPIOPinRead                   
00000ae3  GPIOPinTypeGPIOInput          
00000acb  GPIOPinTypeGPIOOutput         
00000b15  GPIOPinWrite                  
00000b03  ResetISR                      
000007e1  SysCtlClockSet                
00000b1b  SysCtlDelay                   
00000a1d  SysCtlPeripheralEnable        
20000200  __STACK_END                   
00000200  __STACK_SIZE                  
20000200  __STACK_TOP                   
00000b68  __TI_CINIT_Base               
00000b78  __TI_CINIT_Limit              
00000b50  __TI_Handler_Table_Base       
00000b5c  __TI_Handler_Table_Limit      
000009d9  __TI_auto_init_nobinit_nopinit
00000971  __TI_decompress_lzss          
00000af5  __TI_decompress_none          
ffffffff  __TI_pprof_out_hndl           
ffffffff  __TI_prof_data_size           
ffffffff  __TI_prof_data_start          
00000000  __TI_static_base__            
00000aaf  __TI_zero_init_nomemset       
000008d5  __aeabi_memcpy                
000008d5  __aeabi_memcpy4               
000008d5  __aeabi_memcpy8               
ffffffff  __binit__                     
ffffffff  __c_args__                    
UNDEFED   __mpu_init                    
20000000  __stack                       
20000000  __start___llvm_prf_cnts       
20000000  __stop___llvm_prf_cnts        
00000a51  _c_int00_noargs               
UNDEFED   _system_post_cinit            
00000b21  _system_pre_init              
00000b25  abort                         
20000228  before                        
ffffffff  binit                         
00000377  conteo                        
0000032f  conteoInicio                  
00000000  g_pfnVectors                  
00000609  main                          
000008d5  memcpy                        
2000022c  miTiempo                      
000004e1  moduloCuatro                  
00000405  moduloDos                     
20000234  moduloLDR                     
00000473  moduloTres                    
00000397  moduloUno                     
20000200  numbers                       
20000238  pos1                          
2000023c  pos2                          
20000240  pos3                          
20000244  pos4                          
0000059d  secuenciaDos                  
000005d1  secuenciaTres                 
0000056d  secuenciaUno                  


GLOBAL SYMBOLS: SORTED BY Symbol Address 

address   name                          
-------   ----                          
00000000  __TI_static_base__            
00000000  g_pfnVectors                  
00000200  __STACK_SIZE                  
0000026d  GPIO                          
000002b5  Delay2                        
000002d3  Display                       
0000032f  conteoInicio                  
00000377  conteo                        
00000397  moduloUno                     
00000405  moduloDos                     
00000473  moduloTres                    
000004e1  moduloCuatro                  
0000056d  secuenciaUno                  
0000059d  secuenciaDos                  
000005d1  secuenciaTres                 
00000609  main                          
000006ad  GPIOPadConfigSet              
000007e1  SysCtlClockSet                
000008d5  __aeabi_memcpy                
000008d5  __aeabi_memcpy4               
000008d5  __aeabi_memcpy8               
000008d5  memcpy                        
00000971  __TI_decompress_lzss          
000009d9  __TI_auto_init_nobinit_nopinit
00000a1d  SysCtlPeripheralEnable        
00000a51  _c_int00_noargs               
00000a85  GPIODirModeSet                
00000aaf  __TI_zero_init_nomemset       
00000acb  GPIOPinTypeGPIOOutput         
00000ae3  GPIOPinTypeGPIOInput          
00000af5  __TI_decompress_none          
00000b03  ResetISR                      
00000b0f  GPIOPinRead                   
00000b15  GPIOPinWrite                  
00000b1b  SysCtlDelay                   
00000b21  _system_pre_init              
00000b25  C$$EXIT                       
00000b25  abort                         
00000b50  __TI_Handler_Table_Base       
00000b5c  __TI_Handler_Table_Limit      
00000b68  __TI_CINIT_Base               
00000b78  __TI_CINIT_Limit              
20000000  __stack                       
20000000  __start___llvm_prf_cnts       
20000000  __stop___llvm_prf_cnts        
20000200  __STACK_END                   
20000200  __STACK_TOP                   
20000200  numbers                       
20000228  before                        
2000022c  miTiempo                      
20000230  CONT                          
20000234  moduloLDR                     
20000238  pos1                          
2000023c  pos2                          
20000240  pos3                          
20000244  pos4                          
ffffffff  __TI_pprof_out_hndl           
ffffffff  __TI_prof_data_size           
ffffffff  __TI_prof_data_start          
ffffffff  __binit__                     
ffffffff  __c_args__                    
ffffffff  binit                         
UNDEFED   __mpu_init                    
UNDEFED   _system_post_cinit            

[64 symbols]
