******************************************************************************
                  TI ARM Linker PC v20.2.2                     
******************************************************************************
>> Linked Tue Apr 27 15:52:34 2021

OUTPUT FILE NAME:   <7segmentos.out>
ENTRY POINT SYMBOL: "_c_int00_noargs"  address: 00000b29


MEMORY CONFIGURATION

         name            origin    length      used     unused   attr    fill
----------------------  --------  ---------  --------  --------  ----  --------
  FLASH                 00000000   00040000  00000c50  0003f3b0  R  X
  SRAM                  20000000   00008000  00000248  00007db8  RW X


SEGMENT ALLOCATION MAP

run origin  load origin   length   init length attrs members
----------  ----------- ---------- ----------- ----- -------
00000000    00000000    00000c50   00000c50    r-x
  00000000    00000000    0000026c   0000026c    r-- .intvecs
  0000026c    0000026c    00000994   00000994    r-x .text
  00000c00    00000c00    00000050   00000050    r-- .cinit
20000000    20000000    00000248   00000000    rw-
  20000000    20000000    00000200   00000000    rw- .stack
  20000200    20000200    00000030   00000000    rw- .data
  20000230    20000230    00000018   00000000    rw- .bss


SECTION ALLOCATION MAP

 output                                  attributes/
section   page    origin      length       input sections
--------  ----  ----------  ----------   ----------------
.intvecs   0    00000000    0000026c     
                  00000000    0000026c     tm4c123gh6pm_startup_ccs.obj (.intvecs)

.text      0    0000026c    00000994     
                  0000026c    00000518     main.obj (.text)
                  00000784    00000132     driverlib.lib : gpio.obj (.text:GPIOPadConfigSet)
                  000008b6    00000002     --HOLE-- [fill = 0]
                  000008b8    000000f4                   : sysctl.obj (.text:SysCtlClockSet)
                  000009ac    0000009c     rtsv7M4_T_le_v4SPD16_eabi.lib : memcpy_t2.asm.obj (.text)
                  00000a48    00000068                                   : copy_decompress_lzss.c.obj (.text:decompress:lzss:__TI_decompress_lzss)
                  00000ab0    00000044                                   : autoinit.c.obj (.text:__TI_auto_init_nobinit_nopinit:__TI_auto_init_nobinit_nopinit)
                  00000af4    00000034     driverlib.lib : sysctl.obj (.text:SysCtlPeripheralEnable)
                  00000b28    00000034     rtsv7M4_T_le_v4SPD16_eabi.lib : boot_cortex_m.c.obj (.text:_c_int00_noargs:_c_int00_noargs)
                  00000b5c    0000002a     driverlib.lib : gpio.obj (.text:GPIODirModeSet)
                  00000b86    0000001c     rtsv7M4_T_le_v4SPD16_eabi.lib : copy_zero_init.c.obj (.text:decompress:ZI:__TI_zero_init_nomemset:__TI_zero_init_nomemset)
                  00000ba2    00000018     driverlib.lib : gpio.obj (.text:GPIOPinTypeGPIOOutput)
                  00000bba    00000012                   : gpio.obj (.text:GPIOPinTypeGPIOInput)
                  00000bcc    0000000e     rtsv7M4_T_le_v4SPD16_eabi.lib : copy_decompress_none.c.obj (.text:decompress:none:__TI_decompress_none)
                  00000bda    0000000c     tm4c123gh6pm_startup_ccs.obj (.text)
                  00000be6    00000006     driverlib.lib : gpio.obj (.text:GPIOPinRead)
                  00000bec    00000006                   : gpio.obj (.text:GPIOPinWrite)
                  00000bf2    00000006                   : sysctl.obj (.text:SysCtlDelay)
                  00000bf8    00000004     rtsv7M4_T_le_v4SPD16_eabi.lib : pre_init.c.obj (.text:_system_pre_init)
                  00000bfc    00000004                                   : exit.c.obj (.text:abort:abort)

.cinit     0    00000c00    00000050     
                  00000c00    00000027     (.cinit..data.load) [load image, compression = lzss]
                  00000c27    00000001     --HOLE-- [fill = 0]
                  00000c28    0000000c     (__TI_handler_table)
                  00000c34    00000004     --HOLE-- [fill = 0]
                  00000c38    00000008     (.cinit..bss.load) [load image, compression = zero_init]
                  00000c40    00000010     (__TI_cinit_table)

.init_array 
*          0    00000000    00000000     UNINITIALIZED

.data      0    20000200    00000030     UNINITIALIZED
                  20000200    00000028     main.obj (.data:numbers)
                  20000228    00000008     main.obj (.data)

.bss       0    20000230    00000018     UNINITIALIZED
                  20000230    00000004     (.common:CONT)
                  20000234    00000004     (.common:moduloLDR)
                  20000238    00000004     (.common:pos1)
                  2000023c    00000004     (.common:pos2)
                  20000240    00000004     (.common:pos3)
                  20000244    00000004     (.common:pos4)

.stack     0    20000000    00000200     UNINITIALIZED
                  20000000    00000004     rtsv7M4_T_le_v4SPD16_eabi.lib : boot_cortex_m.c.obj (.stack)
                  20000004    000001fc     --HOLE--

__llvm_prf_cnts 
*          0    20000000    00000000     UNINITIALIZED

MODULE SUMMARY

       Module                         code   ro data   rw data
       ------                         ----   -------   -------
    .\
       main.obj                       1304   0         72     
       tm4c123gh6pm_startup_ccs.obj   12     620       0      
    +--+------------------------------+------+---------+---------+
       Total:                         1316   620       72     
                                                              
    ../driverlib.lib
       gpio.obj                       402    0         0      
       sysctl.obj                     302    0         0      
    +--+------------------------------+------+---------+---------+
       Total:                         704    0         0      
                                                              
    S:\ti\ccs1020\ccs\tools\compiler\ti-cgt-arm_20.2.2.LTS\lib\rtsv7M4_T_le_v4SPD16_eabi.lib
       memcpy_t2.asm.obj              156    0         0      
       copy_decompress_lzss.c.obj     104    0         0      
       autoinit.c.obj                 68     0         0      
       boot_cortex_m.c.obj            52     0         0      
       copy_zero_init.c.obj           28     0         0      
       copy_decompress_none.c.obj     14     0         0      
       exit.c.obj                     4      0         0      
       pre_init.c.obj                 4      0         0      
    +--+------------------------------+------+---------+---------+
       Total:                         430    0         0      
                                                              
       Stack:                         0      0         512    
       Linker Generated:              0      75        0      
    +--+------------------------------+------+---------+---------+
       Grand Total:                   2450   695       584    


LINKER GENERATED COPY TABLES

__TI_cinit_table @ 00000c40 records: 2, size/record: 8, table size: 16
	.data: load addr=00000c00, load size=00000027 bytes, run addr=20000200, run size=00000030 bytes, compression=lzss
	.bss: load addr=00000c38, load size=00000008 bytes, run addr=20000230, run size=00000018 bytes, compression=zero_init


LINKER GENERATED HANDLER TABLE

__TI_handler_table @ 00000c28 records: 3, size/record: 4, table size: 12
	index: 0, handler: __TI_decompress_lzss
	index: 1, handler: __TI_decompress_none
	index: 2, handler: __TI_zero_init


GLOBAL SYMBOLS: SORTED ALPHABETICALLY BY Name 

address   name                          
-------   ----                          
00000bfd  C$$EXIT                       
20000230  CONT                          
000002d5  Delay2                        
000002f3  Display                       
0000026d  GPIO                          
00000b5d  GPIODirModeSet                
00000785  GPIOPadConfigSet              
00000be7  GPIOPinRead                   
00000bbb  GPIOPinTypeGPIOInput          
00000ba3  GPIOPinTypeGPIOOutput         
00000bed  GPIOPinWrite                  
00000bdb  ResetISR                      
000008b9  SysCtlClockSet                
00000bf3  SysCtlDelay                   
00000af5  SysCtlPeripheralEnable        
20000200  __STACK_END                   
00000200  __STACK_SIZE                  
20000200  __STACK_TOP                   
00000c40  __TI_CINIT_Base               
00000c50  __TI_CINIT_Limit              
00000c28  __TI_Handler_Table_Base       
00000c34  __TI_Handler_Table_Limit      
00000ab1  __TI_auto_init_nobinit_nopinit
00000a49  __TI_decompress_lzss          
00000bcd  __TI_decompress_none          
ffffffff  __TI_pprof_out_hndl           
ffffffff  __TI_prof_data_size           
ffffffff  __TI_prof_data_start          
00000000  __TI_static_base__            
00000b87  __TI_zero_init_nomemset       
000009ad  __aeabi_memcpy                
000009ad  __aeabi_memcpy4               
000009ad  __aeabi_memcpy8               
ffffffff  __binit__                     
ffffffff  __c_args__                    
UNDEFED   __mpu_init                    
20000000  __stack                       
20000000  __start___llvm_prf_cnts       
20000000  __stop___llvm_prf_cnts        
00000b29  _c_int00_noargs               
UNDEFED   _system_post_cinit            
00000bf9  _system_pre_init              
00000bfd  abort                         
20000228  before                        
ffffffff  binit                         
00000397  conteo                        
0000034f  conteoInicio                  
00000000  g_pfnVectors                  
00000679  main                          
000009ad  memcpy                        
2000022c  miTiempo                      
00000555  moduloCuatro                  
00000433  moduloDos                     
20000234  moduloLDR                     
000004af  moduloTres                    
000003b7  moduloUno                     
20000200  numbers                       
20000238  pos1                          
2000023c  pos2                          
20000240  pos3                          
20000244  pos4                          
00000615  secuenciaDos                  
0000063f  secuenciaTres                 
000005e5  secuenciaUno                  


GLOBAL SYMBOLS: SORTED BY Symbol Address 

address   name                          
-------   ----                          
00000000  __TI_static_base__            
00000000  g_pfnVectors                  
00000200  __STACK_SIZE                  
0000026d  GPIO                          
000002d5  Delay2                        
000002f3  Display                       
0000034f  conteoInicio                  
00000397  conteo                        
000003b7  moduloUno                     
00000433  moduloDos                     
000004af  moduloTres                    
00000555  moduloCuatro                  
000005e5  secuenciaUno                  
00000615  secuenciaDos                  
0000063f  secuenciaTres                 
00000679  main                          
00000785  GPIOPadConfigSet              
000008b9  SysCtlClockSet                
000009ad  __aeabi_memcpy                
000009ad  __aeabi_memcpy4               
000009ad  __aeabi_memcpy8               
000009ad  memcpy                        
00000a49  __TI_decompress_lzss          
00000ab1  __TI_auto_init_nobinit_nopinit
00000af5  SysCtlPeripheralEnable        
00000b29  _c_int00_noargs               
00000b5d  GPIODirModeSet                
00000b87  __TI_zero_init_nomemset       
00000ba3  GPIOPinTypeGPIOOutput         
00000bbb  GPIOPinTypeGPIOInput          
00000bcd  __TI_decompress_none          
00000bdb  ResetISR                      
00000be7  GPIOPinRead                   
00000bed  GPIOPinWrite                  
00000bf3  SysCtlDelay                   
00000bf9  _system_pre_init              
00000bfd  C$$EXIT                       
00000bfd  abort                         
00000c28  __TI_Handler_Table_Base       
00000c34  __TI_Handler_Table_Limit      
00000c40  __TI_CINIT_Base               
00000c50  __TI_CINIT_Limit              
20000000  __stack                       
20000000  __start___llvm_prf_cnts       
20000000  __stop___llvm_prf_cnts        
20000200  __STACK_END                   
20000200  __STACK_TOP                   
20000200  numbers                       
20000228  before                        
2000022c  miTiempo                      
20000230  CONT                          
20000234  moduloLDR                     
20000238  pos1                          
2000023c  pos2                          
20000240  pos3                          
20000244  pos4                          
ffffffff  __TI_pprof_out_hndl           
ffffffff  __TI_prof_data_size           
ffffffff  __TI_prof_data_start          
ffffffff  __binit__                     
ffffffff  __c_args__                    
ffffffff  binit                         
UNDEFED   __mpu_init                    
UNDEFED   _system_post_cinit            

[64 symbols]
