******************************************************************************
                  TI ARM Linker PC v20.2.2                     
******************************************************************************
>> Linked Mon Mar 22 04:48:02 2021

OUTPUT FILE NAME:   <WoodyBeta.out>
ENTRY POINT SYMBOL: "_c_int00_noargs"  address: 00000835


MEMORY CONFIGURATION

         name            origin    length      used     unused   attr    fill
----------------------  --------  ---------  --------  --------  ----  --------
  FLASH                 00000000   00040000  00000908  0003f6f8  R  X
  SRAM                  20000000   00008000  00000210  00007df0  RW X


SEGMENT ALLOCATION MAP

run origin  load origin   length   init length attrs members
----------  ----------- ---------- ----------- ----- -------
00000000    00000000    00000908   00000908    r-x
  00000000    00000000    0000026c   0000026c    r-- .intvecs
  0000026c    0000026c    00000684   00000684    r-x .text
  000008f0    000008f0    00000018   00000018    r-- .cinit
20000000    20000000    00000210   00000000    rw-
  20000000    20000000    00000200   00000000    rw- .stack
  20000200    20000200    00000010   00000000    rw- .data


SECTION ALLOCATION MAP

 output                                  attributes/
section   page    origin      length       input sections
--------  ----  ----------  ----------   ----------------
.intvecs   0    00000000    0000026c     
                  00000000    0000026c     tm4c123gh6pm_startup_ccs.obj (.intvecs)

.text      0    0000026c    00000684     
                  0000026c    00000224     main.obj (.text)
                  00000490    00000132     driverlib.lib : gpio.obj (.text:GPIOPadConfigSet)
                  000005c2    00000002     --HOLE-- [fill = 0]
                  000005c4    000000f4                   : sysctl.obj (.text:SysCtlClockSet)
                  000006b8    0000009c     rtsv7M4_T_le_v4SPD16_eabi.lib : memcpy_t2.asm.obj (.text)
                  00000754    00000068                                   : copy_decompress_lzss.c.obj (.text:decompress:lzss:__TI_decompress_lzss)
                  000007bc    00000044                                   : autoinit.c.obj (.text:__TI_auto_init_nobinit_nopinit:__TI_auto_init_nobinit_nopinit)
                  00000800    00000034     driverlib.lib : sysctl.obj (.text:SysCtlPeripheralEnable)
                  00000834    00000034     rtsv7M4_T_le_v4SPD16_eabi.lib : boot_cortex_m.c.obj (.text:_c_int00_noargs:_c_int00_noargs)
                  00000868    0000002a     driverlib.lib : gpio.obj (.text:GPIODirModeSet)
                  00000892    00000018                   : gpio.obj (.text:GPIOPinTypeGPIOOutput)
                  000008aa    00000012                   : gpio.obj (.text:GPIOPinTypeGPIOInput)
                  000008bc    0000000e     rtsv7M4_T_le_v4SPD16_eabi.lib : copy_decompress_none.c.obj (.text:decompress:none:__TI_decompress_none)
                  000008ca    0000000c     tm4c123gh6pm_startup_ccs.obj (.text)
                  000008d6    00000006     driverlib.lib : gpio.obj (.text:GPIOPinRead)
                  000008dc    00000006                   : gpio.obj (.text:GPIOPinWrite)
                  000008e2    00000006                   : sysctl.obj (.text:SysCtlDelay)
                  000008e8    00000004     rtsv7M4_T_le_v4SPD16_eabi.lib : pre_init.c.obj (.text:_system_pre_init)
                  000008ec    00000004                                   : exit.c.obj (.text:abort:abort)

.cinit     0    000008f0    00000018     
                  000008f0    00000008     (__TI_handler_table)
                  000008f8    00000007     (.cinit..data.load) [load image, compression = lzss]
                  000008ff    00000001     --HOLE-- [fill = 0]
                  00000900    00000008     (__TI_cinit_table)

.init_array 
*          0    00000000    00000000     UNINITIALIZED

.data      0    20000200    00000010     UNINITIALIZED
                  20000200    00000010     main.obj (.data)

.stack     0    20000000    00000200     UNINITIALIZED
                  20000000    00000004     rtsv7M4_T_le_v4SPD16_eabi.lib : boot_cortex_m.c.obj (.stack)
                  20000004    000001fc     --HOLE--

__llvm_prf_cnts 
*          0    20000000    00000000     UNINITIALIZED

MODULE SUMMARY

       Module                         code   ro data   rw data
       ------                         ----   -------   -------
    .\
       tm4c123gh6pm_startup_ccs.obj   12     620       0      
       main.obj                       548    0         16     
    +--+------------------------------+------+---------+---------+
       Total:                         560    620       16     
                                                              
    ../driverlib.lib
       gpio.obj                       402    0         0      
       sysctl.obj                     302    0         0      
    +--+------------------------------+------+---------+---------+
       Total:                         704    0         0      
                                                              
    S:\ti\ccs1020\ccs\tools\compiler\ti-cgt-arm_20.2.2.LTS\lib\rtsv7M4_T_le_v4SPD16_eabi.lib
       memcpy_t2.asm.obj              156    0         0      
       copy_decompress_lzss.c.obj     104    0         0      
       autoinit.c.obj                 68     0         0      
       boot_cortex_m.c.obj            52     0         0      
       copy_decompress_none.c.obj     14     0         0      
       exit.c.obj                     4      0         0      
       pre_init.c.obj                 4      0         0      
    +--+------------------------------+------+---------+---------+
       Total:                         402    0         0      
                                                              
       Stack:                         0      0         512    
       Linker Generated:              0      23        0      
    +--+------------------------------+------+---------+---------+
       Grand Total:                   1666   643       528    


LINKER GENERATED COPY TABLES

__TI_cinit_table @ 00000900 records: 1, size/record: 8, table size: 8
	.data: load addr=000008f8, load size=00000007 bytes, run addr=20000200, run size=00000010 bytes, compression=lzss


LINKER GENERATED HANDLER TABLE

__TI_handler_table @ 000008f0 records: 2, size/record: 4, table size: 8
	index: 0, handler: __TI_decompress_lzss
	index: 1, handler: __TI_decompress_none


GLOBAL SYMBOLS: SORTED ALPHABETICALLY BY Name 

address   name                          
-------   ----                          
000008ed  C$$EXIT                       
00000869  GPIODirModeSet                
00000491  GPIOPadConfigSet              
000008d7  GPIOPinRead                   
000008ab  GPIOPinTypeGPIOInput          
00000893  GPIOPinTypeGPIOOutput         
000008dd  GPIOPinWrite                  
000008cb  ResetISR                      
000005c5  SysCtlClockSet                
000008e3  SysCtlDelay                   
00000801  SysCtlPeripheralEnable        
20000200  __STACK_END                   
00000200  __STACK_SIZE                  
20000200  __STACK_TOP                   
00000900  __TI_CINIT_Base               
00000908  __TI_CINIT_Limit              
000008f0  __TI_Handler_Table_Base       
000008f8  __TI_Handler_Table_Limit      
000007bd  __TI_auto_init_nobinit_nopinit
00000755  __TI_decompress_lzss          
000008bd  __TI_decompress_none          
ffffffff  __TI_pprof_out_hndl           
ffffffff  __TI_prof_data_size           
ffffffff  __TI_prof_data_start          
00000000  __TI_static_base__            
000006b9  __aeabi_memcpy                
000006b9  __aeabi_memcpy4               
000006b9  __aeabi_memcpy8               
ffffffff  __binit__                     
ffffffff  __c_args__                    
UNDEFED   __mpu_init                    
20000000  __stack                       
20000000  __start___llvm_prf_cnts       
20000000  __stop___llvm_prf_cnts        
00000835  _c_int00_noargs               
UNDEFED   _system_post_cinit            
000008e9  _system_pre_init              
000008ed  abort                         
ffffffff  binit                         
20000200  blancoA                       
20000204  blancoB                       
20000208  blancoC                       
2000020c  blancoD                       
00000000  g_pfnVectors                  
00000277  main                          
000006b9  memcpy                        
0000026d  miDelay1s                     


GLOBAL SYMBOLS: SORTED BY Symbol Address 

address   name                          
-------   ----                          
00000000  __TI_static_base__            
00000000  g_pfnVectors                  
00000200  __STACK_SIZE                  
0000026d  miDelay1s                     
00000277  main                          
00000491  GPIOPadConfigSet              
000005c5  SysCtlClockSet                
000006b9  __aeabi_memcpy                
000006b9  __aeabi_memcpy4               
000006b9  __aeabi_memcpy8               
000006b9  memcpy                        
00000755  __TI_decompress_lzss          
000007bd  __TI_auto_init_nobinit_nopinit
00000801  SysCtlPeripheralEnable        
00000835  _c_int00_noargs               
00000869  GPIODirModeSet                
00000893  GPIOPinTypeGPIOOutput         
000008ab  GPIOPinTypeGPIOInput          
000008bd  __TI_decompress_none          
000008cb  ResetISR                      
000008d7  GPIOPinRead                   
000008dd  GPIOPinWrite                  
000008e3  SysCtlDelay                   
000008e9  _system_pre_init              
000008ed  C$$EXIT                       
000008ed  abort                         
000008f0  __TI_Handler_Table_Base       
000008f8  __TI_Handler_Table_Limit      
00000900  __TI_CINIT_Base               
00000908  __TI_CINIT_Limit              
20000000  __stack                       
20000000  __start___llvm_prf_cnts       
20000000  __stop___llvm_prf_cnts        
20000200  __STACK_END                   
20000200  __STACK_TOP                   
20000200  blancoA                       
20000204  blancoB                       
20000208  blancoC                       
2000020c  blancoD                       
ffffffff  __TI_pprof_out_hndl           
ffffffff  __TI_prof_data_size           
ffffffff  __TI_prof_data_start          
ffffffff  __binit__                     
ffffffff  __c_args__                    
ffffffff  binit                         
UNDEFED   __mpu_init                    
UNDEFED   _system_post_cinit            

[47 symbols]
